Reading: C:\Users\gkdnz\OneDrive\Belgeler\ProjectsAI\nautiChandler\yachtdrop\public\products.json
Loaded 318 items from JSON.

--- Testing Category: "fitting" ---
  Mapped "fitting" -> "fitting"
  Found 20 matches.
  First match category: "fitting"

--- Testing Category: "FITTING" ---
  Mapped "FITTING" -> "fitting"
  Found 20 matches.
  First match category: "fitting"

--- Testing Category: "ANCHORING & DOCKING" ---
  Mapped "ANCHORING & DOCKING" -> "anchor"
  Found 19 matches.
  First match category: "anchors"

--- Testing Category: "ropes" ---
  Mapped "ropes" -> "ropes"
  Found 20 matches.
  First match category: "ropes"

--- Testing Category: "electronics" ---
  Mapped "electronics" -> "electronics"
  Found 20 matches.
  First match category: "electronics"
